................s......bench: raw observations archived in /var/folders/kq/6vwvyjds2nx0tc3g0xt_19br0000gn/T/tmpa6ma24j0/perf/capture-samples-47ce257233104d399b965f6a72323674.jsonl
bench: run 1/3 complete (1 metrics)
bench: run 2/3 complete (1 metrics)
bench: run 3/3 complete (1 metrics)
bench: wrote /var/folders/kq/6vwvyjds2nx0tc3g0xt_19br0000gn/T/tmpa6ma24j0/perf/perf-baseline-2026-09-27.json
bench: verdict=PASS measured=1 gaps=24 baselineEligible=True
.bench: raw observations archived in /var/folders/kq/6vwvyjds2nx0tc3g0xt_19br0000gn/T/tmpp2opfbci/perf/capture-samples-49d6b8a92ee74ebc895cf0f045278e39.jsonl
bench: run 1/3 complete (1 metrics)
bench: run 2/3 complete (1 metrics)
bench: run 3/3 complete (1 metrics)
bench: wrote /var/folders/kq/6vwvyjds2nx0tc3g0xt_19br0000gn/T/tmpp2opfbci/perf/perf-baseline-2026-09-27.json
bench: verdict=PASS measured=1 gaps=24 baselineEligible=True
.....usage: bench capture [-h] --daemon DAEMON --soak SOAK
                     [--runtime-kind {swift,rust}] --out-dir OUT_DIR
                     [--build-configuration {release,debug}] [--runs RUNS]
                     [--recovery-samples RECOVERY_SAMPLES] [--recovery-only]
                     [--journal-samples JOURNAL_SAMPLES] [--journal-only]
                     [--artifact-samples ARTIFACT_SAMPLES] [--artifact-only]
                     [--artifact-sizes-mib {1,128,1024} [{1,128,1024} ...]]
                     [--cold-start-samples COLD_START_SAMPLES]
                     [--ipc-samples IPC_SAMPLES] [--idle-seconds IDLE_SECONDS]
                     [--calibration-samples CALIBRATION_SAMPLES]
                     [--seed-seconds SEED_SECONDS]
                     [--seed-jobs-per-cycle SEED_JOBS_PER_CYCLE]
                     [--quiet-wait-seconds QUIET_WAIT_SECONDS]
                     [--allow-loaded-host]
bench capture: error: argument --quiet-wait-seconds: -1 must not be negative
.bench: raw observations archived in /var/folders/kq/6vwvyjds2nx0tc3g0xt_19br0000gn/T/tmpktks72yj/perf/capture-samples-25dd6e55fd9a4189b98e9669b8ac7ab5.jsonl
bench: run 1/3 complete (1 metrics)
bench: run 2/3 complete (1 metrics)
bench: run 3/3 complete (1 metrics)
bench: wrote /var/folders/kq/6vwvyjds2nx0tc3g0xt_19br0000gn/T/tmpktks72yj/perf/perf-baseline-2026-09-27.json
bench: verdict=PASS measured=1 gaps=24 baselineEligible=False
.bench: raw observations archived in /var/folders/kq/6vwvyjds2nx0tc3g0xt_19br0000gn/T/tmpbffkvyxw/perf/capture-samples-863cc0ebdc374848b86db701da9819fc.jsonl
bench: run 1/3 complete (1 metrics)
bench: run 2/3 complete (1 metrics)
bench: run 3/3 complete (1 metrics)
bench: wrote /var/folders/kq/6vwvyjds2nx0tc3g0xt_19br0000gn/T/tmpbffkvyxw/perf/perf-baseline-2026-09-27.json
bench: verdict=PASS measured=1 gaps=24 baselineEligible=True
.bench: raw observations archived in /var/folders/kq/6vwvyjds2nx0tc3g0xt_19br0000gn/T/tmp8zf8nvee/perf/capture-samples-5c16b9aafe764ef18670facf5f1bfb8f.jsonl
bench: run 1/3 complete (1 metrics)
bench: run 2/3 complete (1 metrics)
bench: run 3/3 complete (1 metrics)
bench: wrote /var/folders/kq/6vwvyjds2nx0tc3g0xt_19br0000gn/T/tmp8zf8nvee/perf/perf-baseline-2026-09-27.json
bench: verdict=PASS measured=1 gaps=24 baselineEligible=True
.....................bench: raw observations archived in /var/folders/kq/6vwvyjds2nx0tc3g0xt_19br0000gn/T/tmpk861xv1l/capture-samples-ed6799b26879494abf7f62c8aa3bfa6a.jsonl
bench: run 1/3 complete (2 metrics)
bench: run 2/3 complete (2 metrics)
bench: run 3/3 complete (2 metrics)
bench: wrote /var/folders/kq/6vwvyjds2nx0tc3g0xt_19br0000gn/T/tmpk861xv1l/perf-baseline-2026-09-27.json
bench: verdict=UNSTABLE measured=2 gaps=23 baselineEligible=False
bench: unstable p95 across runs: daemon.coldStart
bench: raw observations archived in /var/folders/kq/6vwvyjds2nx0tc3g0xt_19br0000gn/T/tmpmk324_fo/capture-samples-8a269f250b4b485dbc28b38954803b31.jsonl
bench: run 1/3 complete (2 metrics)
bench: run 2/3 complete (2 metrics)
bench: run 3/3 complete (2 metrics)
bench: wrote /var/folders/kq/6vwvyjds2nx0tc3g0xt_19br0000gn/T/tmpmk324_fo/perf-baseline-2026-09-27.json
bench: verdict=UNSTABLE measured=2 gaps=23 baselineEligible=False
bench: unstable p95 across runs: daemon.coldStart
bench: advisory capture; instability is not an error here
bench: raw observations archived in /var/folders/kq/6vwvyjds2nx0tc3g0xt_19br0000gn/T/tmp8tu9ftmi/capture-samples-27bdb4fa68bc447cb24fd2ac7f74eef6.jsonl
bench: run 1/3 complete (3 metrics)
bench: run 2/3 complete (2 metrics)
bench: run 3/3 complete (2 metrics)
bench: wrote /var/folders/kq/6vwvyjds2nx0tc3g0xt_19br0000gn/T/tmp8tu9ftmi/perf-baseline-2026-09-27.json
bench: verdict=UNSTABLE measured=2 gaps=23 baselineEligible=False
bench: unstable p95 across runs: daemon.coldStart
bench: raw observations archived in /var/folders/kq/6vwvyjds2nx0tc3g0xt_19br0000gn/T/tmpgpefle9f/capture-samples-642ec4bd24854491a40c6436ff29ef17.jsonl
bench: run 1/3 complete (3 metrics)
bench: run 2/3 complete (2 metrics)
bench: run 3/3 complete (2 metrics)
bench: wrote /var/folders/kq/6vwvyjds2nx0tc3g0xt_19br0000gn/T/tmpgpefle9f/perf-baseline-2026-09-27.json
bench: verdict=UNSTABLE measured=2 gaps=23 baselineEligible=False
bench: unstable p95 across runs: daemon.coldStart
bench: advisory capture; instability is not an error here
bench: raw observations archived in /var/folders/kq/6vwvyjds2nx0tc3g0xt_19br0000gn/T/tmpsija4mph/capture-samples-38f4e2445f464daeb43147966ceec3c2.jsonl
bench: run 1/3 complete (3 metrics)
bench: run 2/3 complete (3 metrics)
bench: run 3/3 complete (2 metrics)
bench: wrote /var/folders/kq/6vwvyjds2nx0tc3g0xt_19br0000gn/T/tmpsija4mph/perf-baseline-2026-09-27.json
bench: verdict=UNSTABLE measured=2 gaps=23 baselineEligible=False
bench: unstable p95 across runs: daemon.coldStart
bench: raw observations archived in /var/folders/kq/6vwvyjds2nx0tc3g0xt_19br0000gn/T/tmp_nrbj7k9/capture-samples-7449ccc99d3c4647b57bf16e76956a17.jsonl
bench: run 1/3 complete (3 metrics)
bench: run 2/3 complete (3 metrics)
bench: run 3/3 complete (2 metrics)
bench: wrote /var/folders/kq/6vwvyjds2nx0tc3g0xt_19br0000gn/T/tmp_nrbj7k9/perf-baseline-2026-09-27.json
bench: verdict=UNSTABLE measured=2 gaps=23 baselineEligible=False
bench: unstable p95 across runs: daemon.coldStart
bench: advisory capture; instability is not an error here
.bench: raw observations archived in /var/folders/kq/6vwvyjds2nx0tc3g0xt_19br0000gn/T/tmpz2pb3a26/capture-samples-18b62ba350c64d45a4f5dc67f73999d5.jsonl
bench: run 1/3 complete (2 metrics)
bench: run 2/3 complete (2 metrics)
bench: run 3/3 complete (2 metrics)
bench: wrote /var/folders/kq/6vwvyjds2nx0tc3g0xt_19br0000gn/T/tmpz2pb3a26/perf-baseline-2026-09-27.json
bench: verdict=PASS measured=2 gaps=23 baselineEligible=False
bench: raw observations archived in /var/folders/kq/6vwvyjds2nx0tc3g0xt_19br0000gn/T/tmp1f45rgaq/capture-samples-ff1abba6fe094082936c968c2df3fa2f.jsonl
bench: run 1/3 complete (3 metrics)
bench: run 2/3 complete (2 metrics)
bench: run 3/3 complete (2 metrics)
bench: wrote /var/folders/kq/6vwvyjds2nx0tc3g0xt_19br0000gn/T/tmp1f45rgaq/perf-baseline-2026-09-27.json
bench: verdict=PASS measured=2 gaps=23 baselineEligible=False
bench: raw observations archived in /var/folders/kq/6vwvyjds2nx0tc3g0xt_19br0000gn/T/tmp2ai4nznq/capture-samples-6a7c8d3cdbbf461a857dd6388253af98.jsonl
bench: run 1/3 complete (3 metrics)
bench: run 2/3 complete (3 metrics)
bench: run 3/3 complete (2 metrics)
bench: wrote /var/folders/kq/6vwvyjds2nx0tc3g0xt_19br0000gn/T/tmp2ai4nznq/perf-baseline-2026-09-27.json
bench: verdict=PASS measured=2 gaps=23 baselineEligible=False
....................................................................................................................................ssbench: raw observations archived in /var/folders/kq/6vwvyjds2nx0tc3g0xt_19br0000gn/T/tmpu1c1r8ox/recovery-samples-d4818e30f1a24930ac88afb704da8771.jsonl
bench: raw observations archived in /var/folders/kq/6vwvyjds2nx0tc3g0xt_19br0000gn/T/tmpu1c1r8ox/capture-samples-d4818e30f1a24930ac88afb704da8771.jsonl
bench: run 1/3 complete (3 metrics)
bench: run 2/3 complete (3 metrics)
bench: run 3/3 complete (3 metrics)
bench: wrote /var/folders/kq/6vwvyjds2nx0tc3g0xt_19br0000gn/T/tmpu1c1r8ox/perf-baseline-2026-09-27.json
bench: verdict=PASS measured=3 gaps=23 baselineEligible=True
...............
----------------------------------------------------------------------
Ran 203 tests in 0.248s

OK (skipped=3)
